============================= test session starts ==============================
platform linux -- Python 3.8.14, pytest-7.1.2, pluggy-1.3.0 -- /home/wadia/code/wadie-lak-tuto/data-engineering-challenges/01-Software-Engineering-Best-Practices/05-Docker-and-Deployment/03-Deployment/.venv/bin/python
cachedir: .pytest_cache
rootdir: /home/wadia/code/wadie-lak-tuto/data-engineering-challenges/01-Software-Engineering-Best-Practices/05-Docker-and-Deployment/03-Deployment
plugins: anyio-4.0.0
collecting ... collected 0 items

============================ no tests ran in 0.01s =============================
